Running on half socket with stride...
-------------------------------------------------------------
STREAM version $Revision: 5.10 $
-------------------------------------------------------------
This system uses 8 bytes per array element.
-------------------------------------------------------------
Array size = 20000000 (elements), Offset = 0 (elements)
Memory per array = 152.6 MiB (= 0.1 GiB).
Total memory required = 457.8 MiB (= 0.4 GiB).
Each kernel will be executed 10 times.
 The *best* time for each kernel (excluding the first iteration)
 will be used to compute the reported bandwidth.
-------------------------------------------------------------
Number of Threads requested = 1
Number of Threads counted = 1
-------------------------------------------------------------
Your clock granularity/precision appears to be 1 microseconds.
Each test below will take on the order of 47686 microseconds.
   (= 47686 clock ticks)
Increase the size of the arrays if this shows that
you are not getting at least 20 clock ticks per test.
-------------------------------------------------------------
WARNING -- The above is only a rough guideline.
For best results, please be sure you know the
precision of your system timer.
-------------------------------------------------------------
Function    Best Rate MB/s  Avg time     Min time     Max time
Copy:            9795.2     0.038126     0.032669     0.047962
Scale:           5620.8     0.071163     0.056931     0.088276
Add:             5885.2     0.094459     0.081560     0.105967
Triad:           5352.6     0.095649     0.089677     0.111517
-------------------------------------------------------------
Solution Validates: avg error less than 1.000000e-13 on all three arrays
-------------------------------------------------------------
-------------------------------------------------------------
STREAM version $Revision: 5.10 $
-------------------------------------------------------------
This system uses 8 bytes per array element.
-------------------------------------------------------------
Array size = 20000000 (elements), Offset = 0 (elements)
Memory per array = 152.6 MiB (= 0.1 GiB).
Total memory required = 457.8 MiB (= 0.4 GiB).
Each kernel will be executed 10 times.
 The *best* time for each kernel (excluding the first iteration)
 will be used to compute the reported bandwidth.
-------------------------------------------------------------
Number of Threads requested = 1
Number of Threads counted = 1
-------------------------------------------------------------
Your clock granularity/precision appears to be 1 microseconds.
Each test below will take on the order of 37497 microseconds.
   (= 37497 clock ticks)
Increase the size of the arrays if this shows that
you are not getting at least 20 clock ticks per test.
-------------------------------------------------------------
WARNING -- The above is only a rough guideline.
For best results, please be sure you know the
precision of your system timer.
-------------------------------------------------------------
Function    Best Rate MB/s  Avg time     Min time     Max time
Copy:            9367.4     0.042428     0.034161     0.054616
Scale:           5110.9     0.072858     0.062611     0.087478
Add:             5790.5     0.095901     0.082894     0.110680
Triad:           5272.8     0.098887     0.091033     0.109710
-------------------------------------------------------------
Solution Validates: avg error less than 1.000000e-13 on all three arrays
-------------------------------------------------------------
-------------------------------------------------------------
STREAM version $Revision: 5.10 $
-------------------------------------------------------------
This system uses 8 bytes per array element.
-------------------------------------------------------------
Array size = 20000000 (elements), Offset = 0 (elements)
Memory per array = 152.6 MiB (= 0.1 GiB).
Total memory required = 457.8 MiB (= 0.4 GiB).
Each kernel will be executed 10 times.
 The *best* time for each kernel (excluding the first iteration)
 will be used to compute the reported bandwidth.
-------------------------------------------------------------
Number of Threads requested = 1
Number of Threads counted = 1
-------------------------------------------------------------
Your clock granularity/precision appears to be 1 microseconds.
Each test below will take on the order of 45775 microseconds.
   (= 45775 clock ticks)
Increase the size of the arrays if this shows that
you are not getting at least 20 clock ticks per test.
-------------------------------------------------------------
WARNING -- The above is only a rough guideline.
For best results, please be sure you know the
precision of your system timer.
-------------------------------------------------------------
Function    Best Rate MB/s  Avg time     Min time     Max time
Copy:            9912.7     0.041306     0.032282     0.054318
Scale:           5919.6     0.064086     0.054058     0.079470
Add:             5995.4     0.102312     0.080061     0.128328
Triad:           5824.3     0.098083     0.082414     0.123087
-------------------------------------------------------------
Solution Validates: avg error less than 1.000000e-13 on all three arrays
-------------------------------------------------------------
-------------------------------------------------------------
STREAM version $Revision: 5.10 $
-------------------------------------------------------------
This system uses 8 bytes per array element.
-------------------------------------------------------------
Array size = 20000000 (elements), Offset = 0 (elements)
Memory per array = 152.6 MiB (= 0.1 GiB).
Total memory required = 457.8 MiB (= 0.4 GiB).
Each kernel will be executed 10 times.
 The *best* time for each kernel (excluding the first iteration)
 will be used to compute the reported bandwidth.
-------------------------------------------------------------
Number of Threads requested = 1
Number of Threads counted = 1
-------------------------------------------------------------
Your clock granularity/precision appears to be 1 microseconds.
Each test below will take on the order of 37096 microseconds.
   (= 37096 clock ticks)
Increase the size of the arrays if this shows that
you are not getting at least 20 clock ticks per test.
-------------------------------------------------------------
WARNING -- The above is only a rough guideline.
For best results, please be sure you know the
precision of your system timer.
-------------------------------------------------------------
Function    Best Rate MB/s  Avg time     Min time     Max time
Copy:            9057.0     0.043455     0.035332     0.058014
Scale:           5393.5     0.070478     0.059331     0.090052
Add:             6051.8     0.101609     0.079315     0.132992
Triad:           6582.7     0.096293     0.072918     0.119238
-------------------------------------------------------------
Solution Validates: avg error less than 1.000000e-13 on all three arrays
-------------------------------------------------------------
Done
