===== STREAM AOCC Benchmark =====
Job ID: 140
Running on: DESKTOP-9FJDKRQ
=================================
Modules loaded:
Currently Loaded Modulefiles:
 1) aocc/5.1.0   2) aocl/5.2.0  
 Running with OMP_NUM_THREADS=1 
-------------------------------------------------------------
STREAM version $Revision: 5.10 $
-------------------------------------------------------------
This system uses 8 bytes per array element.
-------------------------------------------------------------
Array size = 1000000 (elements), Offset = 0 (elements)
Memory per array = 7.6 MiB (= 0.0 GiB).
Total memory required = 22.9 MiB (= 0.0 GiB).
Each kernel will be executed 10 times.
 The *best* time for each kernel (excluding the first iteration)
 will be used to compute the reported bandwidth.
-------------------------------------------------------------
Number of Threads requested = 1
Number of Threads counted = 1
-------------------------------------------------------------
Your clock granularity/precision appears to be 1 microseconds.
Each test below will take on the order of 1094 microseconds.
   (= 1094 clock ticks)
Increase the size of the arrays if this shows that
you are not getting at least 20 clock ticks per test.
-------------------------------------------------------------
WARNING -- The above is only a rough guideline.
For best results, please be sure you know the
precision of your system timer.
-------------------------------------------------------------
Function    Best Rate MB/s  Avg time     Min time     Max time
Copy:           30531.8     0.000545     0.000524     0.000577
Scale:          18672.5     0.000878     0.000857     0.000898
Add:            21125.6     0.001168     0.001136     0.001206
Triad:          19576.7     0.001300     0.001226     0.001419
-------------------------------------------------------------
Solution Validates: avg error less than 1.000000e-13 on all three arrays
-------------------------------------------------------------
 Running with OMP_NUM_THREADS=2 
-------------------------------------------------------------
STREAM version $Revision: 5.10 $
-------------------------------------------------------------
This system uses 8 bytes per array element.
-------------------------------------------------------------
Array size = 1000000 (elements), Offset = 0 (elements)
Memory per array = 7.6 MiB (= 0.0 GiB).
Total memory required = 22.9 MiB (= 0.0 GiB).
Each kernel will be executed 10 times.
 The *best* time for each kernel (excluding the first iteration)
 will be used to compute the reported bandwidth.
-------------------------------------------------------------
Number of Threads requested = 2
Number of Threads counted = 2
-------------------------------------------------------------
Your clock granularity/precision appears to be 1 microseconds.
Each test below will take on the order of 519 microseconds.
   (= 519 clock ticks)
Increase the size of the arrays if this shows that
you are not getting at least 20 clock ticks per test.
-------------------------------------------------------------
WARNING -- The above is only a rough guideline.
For best results, please be sure you know the
precision of your system timer.
-------------------------------------------------------------
Function    Best Rate MB/s  Avg time     Min time     Max time
Copy:           31068.9     0.000533     0.000515     0.000555
Scale:          23149.0     0.000722     0.000691     0.000770
Add:            26234.9     0.000963     0.000915     0.001032
Triad:          26372.4     0.000941     0.000910     0.001014
-------------------------------------------------------------
Solution Validates: avg error less than 1.000000e-13 on all three arrays
-------------------------------------------------------------
 Running with OMP_NUM_THREADS=4 
-------------------------------------------------------------
STREAM version $Revision: 5.10 $
-------------------------------------------------------------
This system uses 8 bytes per array element.
-------------------------------------------------------------
Array size = 1000000 (elements), Offset = 0 (elements)
Memory per array = 7.6 MiB (= 0.0 GiB).
Total memory required = 22.9 MiB (= 0.0 GiB).
Each kernel will be executed 10 times.
 The *best* time for each kernel (excluding the first iteration)
 will be used to compute the reported bandwidth.
-------------------------------------------------------------
Number of Threads requested = 4
Number of Threads counted = 4
-------------------------------------------------------------
Your clock granularity/precision appears to be 1 microseconds.
Each test below will take on the order of 541 microseconds.
   (= 541 clock ticks)
Increase the size of the arrays if this shows that
you are not getting at least 20 clock ticks per test.
-------------------------------------------------------------
WARNING -- The above is only a rough guideline.
For best results, please be sure you know the
precision of your system timer.
-------------------------------------------------------------
Function    Best Rate MB/s  Avg time     Min time     Max time
Copy:           29203.2     0.000569     0.000548     0.000635
Scale:          23522.2     0.000707     0.000680     0.000732
Add:            26031.4     0.000956     0.000922     0.001000
Triad:          26400.0     0.000939     0.000909     0.000983
-------------------------------------------------------------
Solution Validates: avg error less than 1.000000e-13 on all three arrays
-------------------------------------------------------------
 Running with OMP_NUM_THREADS=8 
-------------------------------------------------------------
STREAM version $Revision: 5.10 $
-------------------------------------------------------------
This system uses 8 bytes per array element.
-------------------------------------------------------------
Array size = 1000000 (elements), Offset = 0 (elements)
Memory per array = 7.6 MiB (= 0.0 GiB).
Total memory required = 22.9 MiB (= 0.0 GiB).
Each kernel will be executed 10 times.
 The *best* time for each kernel (excluding the first iteration)
 will be used to compute the reported bandwidth.
-------------------------------------------------------------
Number of Threads requested = 8
Number of Threads counted = 8
-------------------------------------------------------------
Your clock granularity/precision appears to be 1 microseconds.
Each test below will take on the order of 529 microseconds.
   (= 529 clock ticks)
Increase the size of the arrays if this shows that
you are not getting at least 20 clock ticks per test.
-------------------------------------------------------------
WARNING -- The above is only a rough guideline.
For best results, please be sure you know the
precision of your system timer.
-------------------------------------------------------------
Function    Best Rate MB/s  Avg time     Min time     Max time
Copy:           27447.4     0.000600     0.000583     0.000627
Scale:          24062.0     0.000698     0.000665     0.000768
Add:            25944.1     0.000944     0.000925     0.000967
Triad:          26872.2     0.000959     0.000893     0.001164
-------------------------------------------------------------
Solution Validates: avg error less than 1.000000e-13 on all three arrays
-------------------------------------------------------------
