===== STREAM AOCC Benchmark =====
Job ID: 76
Running on: DESKTOP-9FJDKRQ
=================================
Modules loaded:
Currently Loaded Modulefiles:
 1) aocc/5.1.0   2) aocl/5.2.0  
 Running with OMP_NUM_THREADS=1 
-------------------------------------------------------------
STREAM version $Revision: 5.10 $
-------------------------------------------------------------
This system uses 8 bytes per array element.
-------------------------------------------------------------
Array size = 30000000 (elements), Offset = 0 (elements)
Memory per array = 228.9 MiB (= 0.2 GiB).
Total memory required = 686.6 MiB (= 0.7 GiB).
Each kernel will be executed 10 times.
 The *best* time for each kernel (excluding the first iteration)
 will be used to compute the reported bandwidth.
-------------------------------------------------------------
Number of Threads requested = 1
Number of Threads counted = 1
-------------------------------------------------------------
Your clock granularity/precision appears to be 1 microseconds.
Each test below will take on the order of 21195 microseconds.
   (= 21195 clock ticks)
Increase the size of the arrays if this shows that
you are not getting at least 20 clock ticks per test.
-------------------------------------------------------------
WARNING -- The above is only a rough guideline.
For best results, please be sure you know the
precision of your system timer.
-------------------------------------------------------------
Function    Best Rate MB/s  Avg time     Min time     Max time
Copy:           26662.2     0.019670     0.018003     0.023388
Scale:          16221.1     0.031043     0.029591     0.033725
Add:            17663.9     0.043208     0.040761     0.052747
Triad:          17045.4     0.045146     0.042240     0.053485
-------------------------------------------------------------
Solution Validates: avg error less than 1.000000e-13 on all three arrays
-------------------------------------------------------------
 Running with OMP_NUM_THREADS=2 
-------------------------------------------------------------
STREAM version $Revision: 5.10 $
-------------------------------------------------------------
This system uses 8 bytes per array element.
-------------------------------------------------------------
Array size = 30000000 (elements), Offset = 0 (elements)
Memory per array = 228.9 MiB (= 0.2 GiB).
Total memory required = 686.6 MiB (= 0.7 GiB).
Each kernel will be executed 10 times.
 The *best* time for each kernel (excluding the first iteration)
 will be used to compute the reported bandwidth.
-------------------------------------------------------------
Number of Threads requested = 2
Number of Threads counted = 2
-------------------------------------------------------------
Your clock granularity/precision appears to be 1 microseconds.
Each test below will take on the order of 16793 microseconds.
   (= 16793 clock ticks)
Increase the size of the arrays if this shows that
you are not getting at least 20 clock ticks per test.
-------------------------------------------------------------
WARNING -- The above is only a rough guideline.
For best results, please be sure you know the
precision of your system timer.
-------------------------------------------------------------
Function    Best Rate MB/s  Avg time     Min time     Max time
Copy:           26513.7     0.020183     0.018104     0.030960
Scale:          18337.4     0.028941     0.026176     0.032682
Add:            19199.0     0.039176     0.037502     0.042542
Triad:          19223.0     0.039472     0.037455     0.042030
-------------------------------------------------------------
Solution Validates: avg error less than 1.000000e-13 on all three arrays
-------------------------------------------------------------
 Running with OMP_NUM_THREADS=4 
-------------------------------------------------------------
STREAM version $Revision: 5.10 $
-------------------------------------------------------------
This system uses 8 bytes per array element.
-------------------------------------------------------------
Array size = 30000000 (elements), Offset = 0 (elements)
Memory per array = 228.9 MiB (= 0.2 GiB).
Total memory required = 686.6 MiB (= 0.7 GiB).
Each kernel will be executed 10 times.
 The *best* time for each kernel (excluding the first iteration)
 will be used to compute the reported bandwidth.
-------------------------------------------------------------
Number of Threads requested = 4
Number of Threads counted = 4
-------------------------------------------------------------
Your clock granularity/precision appears to be 1 microseconds.
Each test below will take on the order of 16830 microseconds.
   (= 16830 clock ticks)
Increase the size of the arrays if this shows that
you are not getting at least 20 clock ticks per test.
-------------------------------------------------------------
WARNING -- The above is only a rough guideline.
For best results, please be sure you know the
precision of your system timer.
-------------------------------------------------------------
Function    Best Rate MB/s  Avg time     Min time     Max time
Copy:           26522.4     0.019459     0.018098     0.020917
Scale:          17942.6     0.028007     0.026752     0.029190
Add:            19334.0     0.039238     0.037240     0.041018
Triad:          19578.0     0.039082     0.036776     0.040514
-------------------------------------------------------------
Solution Validates: avg error less than 1.000000e-13 on all three arrays
-------------------------------------------------------------
 Running with OMP_NUM_THREADS=8 
-------------------------------------------------------------
STREAM version $Revision: 5.10 $
-------------------------------------------------------------
This system uses 8 bytes per array element.
-------------------------------------------------------------
Array size = 30000000 (elements), Offset = 0 (elements)
Memory per array = 228.9 MiB (= 0.2 GiB).
Total memory required = 686.6 MiB (= 0.7 GiB).
Each kernel will be executed 10 times.
 The *best* time for each kernel (excluding the first iteration)
 will be used to compute the reported bandwidth.
-------------------------------------------------------------
Number of Threads requested = 8
Number of Threads counted = 8
-------------------------------------------------------------
Your clock granularity/precision appears to be 1 microseconds.
Each test below will take on the order of 17596 microseconds.
   (= 17596 clock ticks)
Increase the size of the arrays if this shows that
you are not getting at least 20 clock ticks per test.
-------------------------------------------------------------
WARNING -- The above is only a rough guideline.
For best results, please be sure you know the
precision of your system timer.
-------------------------------------------------------------
Function    Best Rate MB/s  Avg time     Min time     Max time
Copy:           25730.3     0.019605     0.018655     0.022895
Scale:          18411.4     0.027050     0.026071     0.029611
Add:            18918.0     0.039913     0.038059     0.048021
Triad:          17622.8     0.045096     0.040856     0.049982
-------------------------------------------------------------
Solution Validates: avg error less than 1.000000e-13 on all three arrays
-------------------------------------------------------------
