===== STREAM AOCC Benchmark =====
Job ID: 73
Running on: DESKTOP-9FJDKRQ
=================================
Modules loaded:
Currently Loaded Modulefiles:
 1) aocc/5.1.0   2) aocl/5.2.0  
 Running with OMP_NUM_THREADS=1 
-------------------------------------------------------------
STREAM version $Revision: 5.10 $
-------------------------------------------------------------
This system uses 8 bytes per array element.
-------------------------------------------------------------
Array size = 30000000 (elements), Offset = 0 (elements)
Memory per array = 228.9 MiB (= 0.2 GiB).
Total memory required = 686.6 MiB (= 0.7 GiB).
Each kernel will be executed 10 times.
 The *best* time for each kernel (excluding the first iteration)
 will be used to compute the reported bandwidth.
-------------------------------------------------------------
Number of Threads requested = 1
Number of Threads counted = 1
-------------------------------------------------------------
Your clock granularity/precision appears to be 1 microseconds.
Each test below will take on the order of 33540 microseconds.
   (= 33540 clock ticks)
Increase the size of the arrays if this shows that
you are not getting at least 20 clock ticks per test.
-------------------------------------------------------------
WARNING -- The above is only a rough guideline.
For best results, please be sure you know the
precision of your system timer.
-------------------------------------------------------------
Function    Best Rate MB/s  Avg time     Min time     Max time
Copy:           24629.5     0.024084     0.019489     0.029868
Scale:          13996.2     0.035574     0.034295     0.036968
Add:            16043.5     0.049962     0.044878     0.053251
Triad:          16553.6     0.050666     0.043495     0.054942
-------------------------------------------------------------
Solution Validates: avg error less than 1.000000e-13 on all three arrays
-------------------------------------------------------------
 Running with OMP_NUM_THREADS=2 
-------------------------------------------------------------
STREAM version $Revision: 5.10 $
-------------------------------------------------------------
This system uses 8 bytes per array element.
-------------------------------------------------------------
Array size = 30000000 (elements), Offset = 0 (elements)
Memory per array = 228.9 MiB (= 0.2 GiB).
Total memory required = 686.6 MiB (= 0.7 GiB).
Each kernel will be executed 10 times.
 The *best* time for each kernel (excluding the first iteration)
 will be used to compute the reported bandwidth.
-------------------------------------------------------------
Number of Threads requested = 2
Number of Threads counted = 2
-------------------------------------------------------------
Your clock granularity/precision appears to be 1 microseconds.
Each test below will take on the order of 21285 microseconds.
   (= 21285 clock ticks)
Increase the size of the arrays if this shows that
you are not getting at least 20 clock ticks per test.
-------------------------------------------------------------
WARNING -- The above is only a rough guideline.
For best results, please be sure you know the
precision of your system timer.
-------------------------------------------------------------
Function    Best Rate MB/s  Avg time     Min time     Max time
Copy:           26842.5     0.020311     0.017882     0.023733
Scale:          17217.3     0.029077     0.027879     0.032427
Add:            18559.1     0.040493     0.038795     0.044263
Triad:          17909.1     0.043980     0.040203     0.046883
-------------------------------------------------------------
Solution Validates: avg error less than 1.000000e-13 on all three arrays
-------------------------------------------------------------
 Running with OMP_NUM_THREADS=4 
-------------------------------------------------------------
STREAM version $Revision: 5.10 $
-------------------------------------------------------------
This system uses 8 bytes per array element.
-------------------------------------------------------------
Array size = 30000000 (elements), Offset = 0 (elements)
Memory per array = 228.9 MiB (= 0.2 GiB).
Total memory required = 686.6 MiB (= 0.7 GiB).
Each kernel will be executed 10 times.
 The *best* time for each kernel (excluding the first iteration)
 will be used to compute the reported bandwidth.
-------------------------------------------------------------
Number of Threads requested = 4
Number of Threads counted = 4
-------------------------------------------------------------
Your clock granularity/precision appears to be 1 microseconds.
Each test below will take on the order of 17317 microseconds.
   (= 17317 clock ticks)
Increase the size of the arrays if this shows that
you are not getting at least 20 clock ticks per test.
-------------------------------------------------------------
WARNING -- The above is only a rough guideline.
For best results, please be sure you know the
precision of your system timer.
-------------------------------------------------------------
Function    Best Rate MB/s  Avg time     Min time     Max time
Copy:           25638.2     0.020396     0.018722     0.022170
Scale:          18538.5     0.027513     0.025892     0.028895
Add:            17740.5     0.041787     0.040585     0.043224
Triad:          17798.9     0.045806     0.040452     0.051920
-------------------------------------------------------------
Solution Validates: avg error less than 1.000000e-13 on all three arrays
-------------------------------------------------------------
 Running with OMP_NUM_THREADS=8 
-------------------------------------------------------------
STREAM version $Revision: 5.10 $
-------------------------------------------------------------
This system uses 8 bytes per array element.
-------------------------------------------------------------
Array size = 30000000 (elements), Offset = 0 (elements)
Memory per array = 228.9 MiB (= 0.2 GiB).
Total memory required = 686.6 MiB (= 0.7 GiB).
Each kernel will be executed 10 times.
 The *best* time for each kernel (excluding the first iteration)
 will be used to compute the reported bandwidth.
-------------------------------------------------------------
Number of Threads requested = 8
Number of Threads counted = 8
-------------------------------------------------------------
Your clock granularity/precision appears to be 1 microseconds.
Each test below will take on the order of 17625 microseconds.
   (= 17625 clock ticks)
Increase the size of the arrays if this shows that
you are not getting at least 20 clock ticks per test.
-------------------------------------------------------------
WARNING -- The above is only a rough guideline.
For best results, please be sure you know the
precision of your system timer.
-------------------------------------------------------------
Function    Best Rate MB/s  Avg time     Min time     Max time
Copy:           24395.2     0.020585     0.019676     0.022261
Scale:          17628.8     0.028292     0.027228     0.029716
Add:            15935.9     0.049747     0.045181     0.052492
Triad:          13440.1     0.057617     0.053571     0.060311
-------------------------------------------------------------
Solution Validates: avg error less than 1.000000e-13 on all three arrays
-------------------------------------------------------------
