===== STREAM AOCC Benchmark =====
Job ID: 74
Running on: DESKTOP-9FJDKRQ
=================================
Modules loaded:
Currently Loaded Modulefiles:
 1) aocc/5.1.0   2) aocl/5.2.0  
 Running with OMP_NUM_THREADS=1 
-------------------------------------------------------------
STREAM version $Revision: 5.10 $
-------------------------------------------------------------
This system uses 8 bytes per array element.
-------------------------------------------------------------
Array size = 30000000 (elements), Offset = 0 (elements)
Memory per array = 228.9 MiB (= 0.2 GiB).
Total memory required = 686.6 MiB (= 0.7 GiB).
Each kernel will be executed 10 times.
 The *best* time for each kernel (excluding the first iteration)
 will be used to compute the reported bandwidth.
-------------------------------------------------------------
Number of Threads requested = 1
Number of Threads counted = 1
-------------------------------------------------------------
Your clock granularity/precision appears to be 1 microseconds.
Each test below will take on the order of 21465 microseconds.
   (= 21465 clock ticks)
Increase the size of the arrays if this shows that
you are not getting at least 20 clock ticks per test.
-------------------------------------------------------------
WARNING -- The above is only a rough guideline.
For best results, please be sure you know the
precision of your system timer.
-------------------------------------------------------------
Function    Best Rate MB/s  Avg time     Min time     Max time
Copy:           25902.4     0.019184     0.018531     0.022780
Scale:          16843.3     0.028682     0.028498     0.028867
Add:            17712.1     0.042132     0.040650     0.049254
Triad:          17511.0     0.043181     0.041117     0.052143
-------------------------------------------------------------
Solution Validates: avg error less than 1.000000e-13 on all three arrays
-------------------------------------------------------------
 Running with OMP_NUM_THREADS=2 
-------------------------------------------------------------
STREAM version $Revision: 5.10 $
-------------------------------------------------------------
This system uses 8 bytes per array element.
-------------------------------------------------------------
Array size = 30000000 (elements), Offset = 0 (elements)
Memory per array = 228.9 MiB (= 0.2 GiB).
Total memory required = 686.6 MiB (= 0.7 GiB).
Each kernel will be executed 10 times.
 The *best* time for each kernel (excluding the first iteration)
 will be used to compute the reported bandwidth.
-------------------------------------------------------------
Number of Threads requested = 2
Number of Threads counted = 2
-------------------------------------------------------------
Your clock granularity/precision appears to be 1 microseconds.
Each test below will take on the order of 17021 microseconds.
   (= 17021 clock ticks)
Increase the size of the arrays if this shows that
you are not getting at least 20 clock ticks per test.
-------------------------------------------------------------
WARNING -- The above is only a rough guideline.
For best results, please be sure you know the
precision of your system timer.
-------------------------------------------------------------
Function    Best Rate MB/s  Avg time     Min time     Max time
Copy:           26773.9     0.018438     0.017928     0.019498
Scale:          17499.1     0.028143     0.027430     0.031602
Add:            18836.8     0.039136     0.038223     0.040422
Triad:          18798.0     0.039484     0.038302     0.046139
-------------------------------------------------------------
Solution Validates: avg error less than 1.000000e-13 on all three arrays
-------------------------------------------------------------
 Running with OMP_NUM_THREADS=4 
-------------------------------------------------------------
STREAM version $Revision: 5.10 $
-------------------------------------------------------------
This system uses 8 bytes per array element.
-------------------------------------------------------------
Array size = 30000000 (elements), Offset = 0 (elements)
Memory per array = 228.9 MiB (= 0.2 GiB).
Total memory required = 686.6 MiB (= 0.7 GiB).
Each kernel will be executed 10 times.
 The *best* time for each kernel (excluding the first iteration)
 will be used to compute the reported bandwidth.
-------------------------------------------------------------
Number of Threads requested = 4
Number of Threads counted = 4
-------------------------------------------------------------
Your clock granularity/precision appears to be 1 microseconds.
Each test below will take on the order of 17024 microseconds.
   (= 17024 clock ticks)
Increase the size of the arrays if this shows that
you are not getting at least 20 clock ticks per test.
-------------------------------------------------------------
WARNING -- The above is only a rough guideline.
For best results, please be sure you know the
precision of your system timer.
-------------------------------------------------------------
Function    Best Rate MB/s  Avg time     Min time     Max time
Copy:           26501.8     0.019782     0.018112     0.021036
Scale:          18636.3     0.027483     0.025756     0.028899
Add:            19631.4     0.038222     0.036676     0.039994
Triad:          19595.1     0.038406     0.036744     0.039654
-------------------------------------------------------------
Solution Validates: avg error less than 1.000000e-13 on all three arrays
-------------------------------------------------------------
 Running with OMP_NUM_THREADS=8 
-------------------------------------------------------------
STREAM version $Revision: 5.10 $
-------------------------------------------------------------
This system uses 8 bytes per array element.
-------------------------------------------------------------
Array size = 30000000 (elements), Offset = 0 (elements)
Memory per array = 228.9 MiB (= 0.2 GiB).
Total memory required = 686.6 MiB (= 0.7 GiB).
Each kernel will be executed 10 times.
 The *best* time for each kernel (excluding the first iteration)
 will be used to compute the reported bandwidth.
-------------------------------------------------------------
Number of Threads requested = 8
Number of Threads counted = 8
-------------------------------------------------------------
Your clock granularity/precision appears to be 1 microseconds.
Each test below will take on the order of 17720 microseconds.
   (= 17720 clock ticks)
Increase the size of the arrays if this shows that
you are not getting at least 20 clock ticks per test.
-------------------------------------------------------------
WARNING -- The above is only a rough guideline.
For best results, please be sure you know the
precision of your system timer.
-------------------------------------------------------------
Function    Best Rate MB/s  Avg time     Min time     Max time
Copy:           25175.6     0.019520     0.019066     0.021890
Scale:          18224.5     0.027281     0.026338     0.030313
Add:            18879.3     0.038792     0.038137     0.039515
Triad:          17806.8     0.041423     0.040434     0.042558
-------------------------------------------------------------
Solution Validates: avg error less than 1.000000e-13 on all three arrays
-------------------------------------------------------------
