The system is: Linux - 6.6.87.2-microsoft-standard-WSL2 - x86_64
Compiling the C compiler identification source file "CMakeCCompilerId.c" succeeded.
Compiler: /opt/intel/oneapi/compiler/2025.3/bin/icx 
Build flags: 
Id flags:  

The output was:
0


Compilation of the C compiler identification source "CMakeCCompilerId.c" produced "a.out"

The C compiler identification is IntelLLVM, found in "/home/arpita/STREAM/build_intel/CMakeFiles/3.22.1/CompilerIdC/a.out"

Detecting C compiler ABI info compiled with the following output:
Change Dir: /home/arpita/STREAM/build_intel/CMakeFiles/CMakeTmp

Run Build Command(s):/usr/bin/gmake -f Makefile cmTC_94154/fast && /usr/bin/gmake  -f CMakeFiles/cmTC_94154.dir/build.make CMakeFiles/cmTC_94154.dir/build
gmake[1]: Entering directory '/home/arpita/STREAM/build_intel/CMakeFiles/CMakeTmp'
Building C object CMakeFiles/cmTC_94154.dir/CMakeCCompilerABI.c.o
/opt/intel/oneapi/compiler/2025.3/bin/icx   -v -MD -MT CMakeFiles/cmTC_94154.dir/CMakeCCompilerABI.c.o -MF CMakeFiles/cmTC_94154.dir/CMakeCCompilerABI.c.o.d -o CMakeFiles/cmTC_94154.dir/CMakeCCompilerABI.c.o -c /usr/share/cmake-3.22/Modules/CMakeCCompilerABI.c
Intel(R) oneAPI DPC++/C++ Compiler 2025.3.2 (2025.3.2.20260112)
Target: x86_64-unknown-linux-gnu
Thread model: posix
InstalledDir: /opt/intel/oneapi/compiler/2025.3/bin/compiler
Configuration file: /opt/intel/oneapi/compiler/2025.3/bin/compiler/../icx.cfg
Found candidate GCC installation: /usr/lib/gcc/x86_64-linux-gnu/11
Selected GCC installation: /usr/lib/gcc/x86_64-linux-gnu/11
Candidate multilib: .;@m64
Selected multilib: .;@m64
 (in-process)
 "/opt/intel/oneapi/compiler/2025.3/bin/compiler/clang" -cc1 -triple x86_64-unknown-linux-gnu -O2 -emit-obj -disable-free -clear-ast-before-backend -disable-llvm-verifier -discard-value-names -main-file-name CMakeCCompilerABI.c -mrelocation-model static -fveclib=SVML -faltmathlib=SVMLAltMathLibrary -mframe-pointer=none -fapprox-func -funsafe-math-optimizations -fno-signed-zeros -mreassociate -freciprocal-math -fdenormal-fp-math=preserve-sign,preserve-sign -ffp-contract=fast-honor-pragmas -fno-rounding-math -complex-range=promoted -mconstructor-aliases -funwind-tables=2 -target-cpu x86-64 -mllvm -x86-enable-unaligned-vector-move=true -tune-cpu generic -debugger-tuning=gdb -fdebug-compilation-dir=/home/arpita/STREAM/build_intel/CMakeFiles/CMakeTmp -v -fcoverage-compilation-dir=/home/arpita/STREAM/build_intel/CMakeFiles/CMakeTmp -fclang-abi-compat=17 -resource-dir /opt/intel/oneapi/compiler/2025.3/lib/clang/21 -dependency-file CMakeFiles/cmTC_94154.dir/CMakeCCompilerABI.c.o.d -MT CMakeFiles/cmTC_94154.dir/CMakeCCompilerABI.c.o -sys-header-deps -I/opt/intel/oneapi/umf/1.0/include -I/opt/intel/oneapi/mkl/2025.3/include -I/opt/intel/oneapi/dev-utilities/2025.3/include -I/opt/intel/oneapi/ccl/2021.17/include -c-isystem /opt/intel/oneapi/umf/1.0/include -c-isystem /opt/intel/oneapi/tbb/2022.3/env/../include -c-isystem /opt/intel/oneapi/mpi/2021.17/include -c-isystem /opt/intel/oneapi/mkl/2025.3/include -c-isystem /opt/intel/oneapi/ishmem/1.5/include -c-isystem /opt/intel/oneapi/ippcp/2025.3/include -c-isystem /opt/intel/oneapi/ipp/2022.3/include -c-isystem /opt/intel/oneapi/dnnl/2025.3/include -cxx-isystem /opt/intel/oneapi/umf/1.0/include -cxx-isystem /opt/intel/oneapi/tbb/2022.3/env/../include -cxx-isystem /opt/intel/oneapi/mpi/2021.17/include -cxx-isystem /opt/intel/oneapi/mkl/2025.3/include -cxx-isystem /opt/intel/oneapi/ishmem/1.5/include -cxx-isystem /opt/intel/oneapi/ippcp/2025.3/include -cxx-isystem /opt/intel/oneapi/ipp/2022.3/include -cxx-isystem /opt/intel/oneapi/dpl/2022.10/include -cxx-isystem /opt/intel/oneapi/dpcpp-ct/2025.3/include -cxx-isystem /opt/intel/oneapi/dnnl/2025.3/include -cxx-isystem /opt/intel/oneapi/dal/2025.10/include -cxx-isystem /opt/intel/oneapi/dal/2025.10/include/dal -internal-isystem /opt/intel/oneapi/compiler/2025.3/bin/compiler/../../opt/compiler/include -internal-isystem /opt/intel/oneapi/compiler/2025.3/lib/clang/21/include -internal-isystem /usr/local/include -internal-isystem /usr/lib/gcc/x86_64-linux-gnu/11/../../../../x86_64-linux-gnu/include -internal-externc-isystem /usr/include/x86_64-linux-gnu -internal-externc-isystem /include -internal-externc-isystem /usr/include -ferror-limit 19 -fgnuc-version=4.2.1 -fskip-odr-check-in-gmf -vectorize-loops -vectorize-slp -mllvm -disable-hir-generate-mkl-call -mllvm -loopopt=1 -floopopt-pipeline=light -mllvm -intel-abi-compatible=true -D__GCC_HAVE_DWARF2_CFI_ASM=1 -fintel-compatibility -fintel-libirc-allowed -fintel-libimf-allowed -o CMakeFiles/cmTC_94154.dir/CMakeCCompilerABI.c.o -x c /usr/share/cmake-3.22/Modules/CMakeCCompilerABI.c
clang -cc1 version 21.1.1 based upon LLVM 21.1.1 default target x86_64-unknown-linux-gnu
ignoring nonexistent directory "/usr/lib/gcc/x86_64-linux-gnu/11/../../../../x86_64-linux-gnu/include"
ignoring nonexistent directory "/include"
ignoring duplicate directory "/opt/intel/oneapi/umf/1.0/include"
  as it is a non-system directory that duplicates a system directory
ignoring duplicate directory "/opt/intel/oneapi/mkl/2025.3/include"
  as it is a non-system directory that duplicates a system directory
#include "..." search starts here:
#include <...> search starts here:
 /opt/intel/oneapi/dev-utilities/2025.3/include
 /opt/intel/oneapi/ccl/2021.17/include
 /opt/intel/oneapi/umf/1.0/include
 /opt/intel/oneapi/tbb/2022.3/env/../include
 /opt/intel/oneapi/mpi/2021.17/include
 /opt/intel/oneapi/mkl/2025.3/include
 /opt/intel/oneapi/ishmem/1.5/include
 /opt/intel/oneapi/ippcp/2025.3/include
 /opt/intel/oneapi/ipp/2022.3/include
 /opt/intel/oneapi/dnnl/2025.3/include
 /opt/intel/oneapi/compiler/2025.3/bin/compiler/../../opt/compiler/include
 /opt/intel/oneapi/compiler/2025.3/lib/clang/21/include
 /usr/local/include
 /usr/include/x86_64-linux-gnu
 /usr/include
End of search list.
Linking C executable cmTC_94154
/usr/bin/cmake -E cmake_link_script CMakeFiles/cmTC_94154.dir/link.txt --verbose=1
/opt/intel/oneapi/compiler/2025.3/bin/icx  -v CMakeFiles/cmTC_94154.dir/CMakeCCompilerABI.c.o -o cmTC_94154 
Intel(R) oneAPI DPC++/C++ Compiler 2025.3.2 (2025.3.2.20260112)
Target: x86_64-unknown-linux-gnu
Thread model: posix
InstalledDir: /opt/intel/oneapi/compiler/2025.3/bin/compiler
Configuration file: /opt/intel/oneapi/compiler/2025.3/bin/compiler/../icx.cfg
Found candidate GCC installation: /usr/lib/gcc/x86_64-linux-gnu/11
Selected GCC installation: /usr/lib/gcc/x86_64-linux-gnu/11
Candidate multilib: .;@m64
Selected multilib: .;@m64
 "/usr/bin/ld" -z relro --hash-style=gnu --eh-frame-hdr -m elf_x86_64 -dynamic-linker /lib64/ld-linux-x86-64.so.2 -o cmTC_94154 /lib/x86_64-linux-gnu/Scrt1.o /lib/x86_64-linux-gnu/crti.o /usr/lib/gcc/x86_64-linux-gnu/11/crtbeginS.o -L/opt/intel/oneapi/compiler/2025.3/bin/compiler/../../lib -L/opt/intel/oneapi/compiler/2025.3/bin/compiler/../../lib -L/opt/intel/oneapi/compiler/2025.3/lib/clang/21/lib/x86_64-unknown-linux-gnu -L/opt/intel/oneapi/compiler/2025.3/bin/compiler/../../lib -L/usr/lib/gcc/x86_64-linux-gnu/11 -L/usr/lib/gcc/x86_64-linux-gnu/11/../../../../lib64 -L/lib/x86_64-linux-gnu -L/lib/../lib64 -L/usr/lib/x86_64-linux-gnu -L/usr/lib64 -L/opt/intel/oneapi/compiler/2025.3/bin/compiler/../../lib -L/opt/intel/oneapi/compiler/2025.3/bin/compiler/../../opt/compiler/lib -L/lib -L/usr/lib -L/opt/intel/oneapi/tcm/1.4/lib -L/opt/intel/oneapi/umf/1.0/lib -L/opt/intel/oneapi/tbb/2022.3/env/../lib/intel64/gcc4.8 -L/opt/intel/oneapi/mpi/2021.17/lib -L/opt/intel/oneapi/mkl/2025.3/lib -L/opt/intel/oneapi/ishmem/1.5/lib -L/opt/intel/oneapi/ippcp/2025.3/lib/ -L/opt/intel/oneapi/ipp/2022.3/lib -L/opt/intel/oneapi/dnnl/2025.3/lib -L/opt/intel/oneapi/dal/2025.10/lib -L/opt/intel/oneapi/compiler/2025.3/lib -L/opt/intel/oneapi/ccl/2021.17/lib/ CMakeFiles/cmTC_94154.dir/CMakeCCompilerABI.c.o -Bstatic -lsvml -Bdynamic -Bstatic -lirng -Bdynamic -Bstatic -limf -Bdynamic -lm -lgcc --as-needed -lgcc_s --no-as-needed -Bstatic -lirc -Bdynamic -ldl -lgcc --as-needed -lgcc_s --no-as-needed -lc -lgcc --as-needed -lgcc_s --no-as-needed -Bstatic -lirc_s -Bdynamic /usr/lib/gcc/x86_64-linux-gnu/11/crtendS.o /lib/x86_64-linux-gnu/crtn.o
gmake[1]: Leaving directory '/home/arpita/STREAM/build_intel/CMakeFiles/CMakeTmp'



Parsed C implicit include dir info from above output: rv=done
  found start of include info
  found start of implicit include info
    add: [/opt/intel/oneapi/dev-utilities/2025.3/include]
    add: [/opt/intel/oneapi/ccl/2021.17/include]
    add: [/opt/intel/oneapi/umf/1.0/include]
    add: [/opt/intel/oneapi/tbb/2022.3/env/../include]
    add: [/opt/intel/oneapi/mpi/2021.17/include]
    add: [/opt/intel/oneapi/mkl/2025.3/include]
    add: [/opt/intel/oneapi/ishmem/1.5/include]
    add: [/opt/intel/oneapi/ippcp/2025.3/include]
    add: [/opt/intel/oneapi/ipp/2022.3/include]
    add: [/opt/intel/oneapi/dnnl/2025.3/include]
    add: [/opt/intel/oneapi/compiler/2025.3/bin/compiler/../../opt/compiler/include]
    add: [/opt/intel/oneapi/compiler/2025.3/lib/clang/21/include]
    add: [/usr/local/include]
    add: [/usr/include/x86_64-linux-gnu]
    add: [/usr/include]
  end of search list found
  collapse include dir [/opt/intel/oneapi/dev-utilities/2025.3/include] ==> [/opt/intel/oneapi/dev-utilities/2025.3/include]
  collapse include dir [/opt/intel/oneapi/ccl/2021.17/include] ==> [/opt/intel/oneapi/ccl/2021.17/include]
  collapse include dir [/opt/intel/oneapi/umf/1.0/include] ==> [/opt/intel/oneapi/umf/1.0/include]
  collapse include dir [/opt/intel/oneapi/tbb/2022.3/env/../include] ==> [/opt/intel/oneapi/tbb/2022.3/include]
  collapse include dir [/opt/intel/oneapi/mpi/2021.17/include] ==> [/opt/intel/oneapi/mpi/2021.17/include]
  collapse include dir [/opt/intel/oneapi/mkl/2025.3/include] ==> [/opt/intel/oneapi/mkl/2025.3/include]
  collapse include dir [/opt/intel/oneapi/ishmem/1.5/include] ==> [/opt/intel/oneapi/ishmem/1.5/include]
  collapse include dir [/opt/intel/oneapi/ippcp/2025.3/include] ==> [/opt/intel/oneapi/ippcp/2025.3/include]
  collapse include dir [/opt/intel/oneapi/ipp/2022.3/include] ==> [/opt/intel/oneapi/ipp/2022.3/include]
  collapse include dir [/opt/intel/oneapi/dnnl/2025.3/include] ==> [/opt/intel/oneapi/dnnl/2025.3/include]
  collapse include dir [/opt/intel/oneapi/compiler/2025.3/bin/compiler/../../opt/compiler/include] ==> [/opt/intel/oneapi/compiler/2025.3/opt/compiler/include]
  collapse include dir [/opt/intel/oneapi/compiler/2025.3/lib/clang/21/include] ==> [/opt/intel/oneapi/compiler/2025.3/lib/clang/21/include]
  collapse include dir [/usr/local/include] ==> [/usr/local/include]
  collapse include dir [/usr/include/x86_64-linux-gnu] ==> [/usr/include/x86_64-linux-gnu]
  collapse include dir [/usr/include] ==> [/usr/include]
  implicit include dirs: [/opt/intel/oneapi/dev-utilities/2025.3/include;/opt/intel/oneapi/ccl/2021.17/include;/opt/intel/oneapi/umf/1.0/include;/opt/intel/oneapi/tbb/2022.3/include;/opt/intel/oneapi/mpi/2021.17/include;/opt/intel/oneapi/mkl/2025.3/include;/opt/intel/oneapi/ishmem/1.5/include;/opt/intel/oneapi/ippcp/2025.3/include;/opt/intel/oneapi/ipp/2022.3/include;/opt/intel/oneapi/dnnl/2025.3/include;/opt/intel/oneapi/compiler/2025.3/opt/compiler/include;/opt/intel/oneapi/compiler/2025.3/lib/clang/21/include;/usr/local/include;/usr/include/x86_64-linux-gnu;/usr/include]


Parsed C implicit link information from above output:
  link line regex: [^( *|.*[/\])(ld|CMAKE_LINK_STARTFILE-NOTFOUND|([^/\]+-)?ld|collect2)[^/\]*( |$)]
  ignore line: [Change Dir: /home/arpita/STREAM/build_intel/CMakeFiles/CMakeTmp]
  ignore line: []
  ignore line: [Run Build Command(s):/usr/bin/gmake -f Makefile cmTC_94154/fast && /usr/bin/gmake  -f CMakeFiles/cmTC_94154.dir/build.make CMakeFiles/cmTC_94154.dir/build]
  ignore line: [gmake[1]: Entering directory '/home/arpita/STREAM/build_intel/CMakeFiles/CMakeTmp']
  ignore line: [Building C object CMakeFiles/cmTC_94154.dir/CMakeCCompilerABI.c.o]
  ignore line: [/opt/intel/oneapi/compiler/2025.3/bin/icx   -v -MD -MT CMakeFiles/cmTC_94154.dir/CMakeCCompilerABI.c.o -MF CMakeFiles/cmTC_94154.dir/CMakeCCompilerABI.c.o.d -o CMakeFiles/cmTC_94154.dir/CMakeCCompilerABI.c.o -c /usr/share/cmake-3.22/Modules/CMakeCCompilerABI.c]
  ignore line: [Intel(R) oneAPI DPC++/C++ Compiler 2025.3.2 (2025.3.2.20260112)]
  ignore line: [Target: x86_64-unknown-linux-gnu]
  ignore line: [Thread model: posix]
  ignore line: [InstalledDir: /opt/intel/oneapi/compiler/2025.3/bin/compiler]
  ignore line: [Configuration file: /opt/intel/oneapi/compiler/2025.3/bin/compiler/../icx.cfg]
  ignore line: [Found candidate GCC installation: /usr/lib/gcc/x86_64-linux-gnu/11]
  ignore line: [Selected GCC installation: /usr/lib/gcc/x86_64-linux-gnu/11]
  ignore line: [Candidate multilib: .]
  ignore line: [@m64]
  ignore line: [Selected multilib: .]
  ignore line: [@m64]
  ignore line: [ (in-process)]
  ignore line: [ "/opt/intel/oneapi/compiler/2025.3/bin/compiler/clang" -cc1 -triple x86_64-unknown-linux-gnu -O2 -emit-obj -disable-free -clear-ast-before-backend -disable-llvm-verifier -discard-value-names -main-file-name CMakeCCompilerABI.c -mrelocation-model static -fveclib=SVML -faltmathlib=SVMLAltMathLibrary -mframe-pointer=none -fapprox-func -funsafe-math-optimizations -fno-signed-zeros -mreassociate -freciprocal-math -fdenormal-fp-math=preserve-sign preserve-sign -ffp-contract=fast-honor-pragmas -fno-rounding-math -complex-range=promoted -mconstructor-aliases -funwind-tables=2 -target-cpu x86-64 -mllvm -x86-enable-unaligned-vector-move=true -tune-cpu generic -debugger-tuning=gdb -fdebug-compilation-dir=/home/arpita/STREAM/build_intel/CMakeFiles/CMakeTmp -v -fcoverage-compilation-dir=/home/arpita/STREAM/build_intel/CMakeFiles/CMakeTmp -fclang-abi-compat=17 -resource-dir /opt/intel/oneapi/compiler/2025.3/lib/clang/21 -dependency-file CMakeFiles/cmTC_94154.dir/CMakeCCompilerABI.c.o.d -MT CMakeFiles/cmTC_94154.dir/CMakeCCompilerABI.c.o -sys-header-deps -I/opt/intel/oneapi/umf/1.0/include -I/opt/intel/oneapi/mkl/2025.3/include -I/opt/intel/oneapi/dev-utilities/2025.3/include -I/opt/intel/oneapi/ccl/2021.17/include -c-isystem /opt/intel/oneapi/umf/1.0/include -c-isystem /opt/intel/oneapi/tbb/2022.3/env/../include -c-isystem /opt/intel/oneapi/mpi/2021.17/include -c-isystem /opt/intel/oneapi/mkl/2025.3/include -c-isystem /opt/intel/oneapi/ishmem/1.5/include -c-isystem /opt/intel/oneapi/ippcp/2025.3/include -c-isystem /opt/intel/oneapi/ipp/2022.3/include -c-isystem /opt/intel/oneapi/dnnl/2025.3/include -cxx-isystem /opt/intel/oneapi/umf/1.0/include -cxx-isystem /opt/intel/oneapi/tbb/2022.3/env/../include -cxx-isystem /opt/intel/oneapi/mpi/2021.17/include -cxx-isystem /opt/intel/oneapi/mkl/2025.3/include -cxx-isystem /opt/intel/oneapi/ishmem/1.5/include -cxx-isystem /opt/intel/oneapi/ippcp/2025.3/include -cxx-isystem /opt/intel/oneapi/ipp/2022.3/include -cxx-isystem /opt/intel/oneapi/dpl/2022.10/include -cxx-isystem /opt/intel/oneapi/dpcpp-ct/2025.3/include -cxx-isystem /opt/intel/oneapi/dnnl/2025.3/include -cxx-isystem /opt/intel/oneapi/dal/2025.10/include -cxx-isystem /opt/intel/oneapi/dal/2025.10/include/dal -internal-isystem /opt/intel/oneapi/compiler/2025.3/bin/compiler/../../opt/compiler/include -internal-isystem /opt/intel/oneapi/compiler/2025.3/lib/clang/21/include -internal-isystem /usr/local/include -internal-isystem /usr/lib/gcc/x86_64-linux-gnu/11/../../../../x86_64-linux-gnu/include -internal-externc-isystem /usr/include/x86_64-linux-gnu -internal-externc-isystem /include -internal-externc-isystem /usr/include -ferror-limit 19 -fgnuc-version=4.2.1 -fskip-odr-check-in-gmf -vectorize-loops -vectorize-slp -mllvm -disable-hir-generate-mkl-call -mllvm -loopopt=1 -floopopt-pipeline=light -mllvm -intel-abi-compatible=true -D__GCC_HAVE_DWARF2_CFI_ASM=1 -fintel-compatibility -fintel-libirc-allowed -fintel-libimf-allowed -o CMakeFiles/cmTC_94154.dir/CMakeCCompilerABI.c.o -x c /usr/share/cmake-3.22/Modules/CMakeCCompilerABI.c]
  ignore line: [clang -cc1 version 21.1.1 based upon LLVM 21.1.1 default target x86_64-unknown-linux-gnu]
  ignore line: [ignoring nonexistent directory "/usr/lib/gcc/x86_64-linux-gnu/11/../../../../x86_64-linux-gnu/include"]
  ignore line: [ignoring nonexistent directory "/include"]
  ignore line: [ignoring duplicate directory "/opt/intel/oneapi/umf/1.0/include"]
  ignore line: [  as it is a non-system directory that duplicates a system directory]
  ignore line: [ignoring duplicate directory "/opt/intel/oneapi/mkl/2025.3/include"]
  ignore line: [  as it is a non-system directory that duplicates a system directory]
  ignore line: [#include "..." search starts here:]
  ignore line: [#include <...> search starts here:]
  ignore line: [ /opt/intel/oneapi/dev-utilities/2025.3/include]
  ignore line: [ /opt/intel/oneapi/ccl/2021.17/include]
  ignore line: [ /opt/intel/oneapi/umf/1.0/include]
  ignore line: [ /opt/intel/oneapi/tbb/2022.3/env/../include]
  ignore line: [ /opt/intel/oneapi/mpi/2021.17/include]
  ignore line: [ /opt/intel/oneapi/mkl/2025.3/include]
  ignore line: [ /opt/intel/oneapi/ishmem/1.5/include]
  ignore line: [ /opt/intel/oneapi/ippcp/2025.3/include]
  ignore line: [ /opt/intel/oneapi/ipp/2022.3/include]
  ignore line: [ /opt/intel/oneapi/dnnl/2025.3/include]
  ignore line: [ /opt/intel/oneapi/compiler/2025.3/bin/compiler/../../opt/compiler/include]
  ignore line: [ /opt/intel/oneapi/compiler/2025.3/lib/clang/21/include]
  ignore line: [ /usr/local/include]
  ignore line: [ /usr/include/x86_64-linux-gnu]
  ignore line: [ /usr/include]
  ignore line: [End of search list.]
  ignore line: [Linking C executable cmTC_94154]
  ignore line: [/usr/bin/cmake -E cmake_link_script CMakeFiles/cmTC_94154.dir/link.txt --verbose=1]
  ignore line: [/opt/intel/oneapi/compiler/2025.3/bin/icx  -v CMakeFiles/cmTC_94154.dir/CMakeCCompilerABI.c.o -o cmTC_94154 ]
  ignore line: [Intel(R) oneAPI DPC++/C++ Compiler 2025.3.2 (2025.3.2.20260112)]
  ignore line: [Target: x86_64-unknown-linux-gnu]
  ignore line: [Thread model: posix]
  ignore line: [InstalledDir: /opt/intel/oneapi/compiler/2025.3/bin/compiler]
  ignore line: [Configuration file: /opt/intel/oneapi/compiler/2025.3/bin/compiler/../icx.cfg]
  ignore line: [Found candidate GCC installation: /usr/lib/gcc/x86_64-linux-gnu/11]
  ignore line: [Selected GCC installation: /usr/lib/gcc/x86_64-linux-gnu/11]
  ignore line: [Candidate multilib: .]
  ignore line: [@m64]
  ignore line: [Selected multilib: .]
  ignore line: [@m64]
  link line: [ "/usr/bin/ld" -z relro --hash-style=gnu --eh-frame-hdr -m elf_x86_64 -dynamic-linker /lib64/ld-linux-x86-64.so.2 -o cmTC_94154 /lib/x86_64-linux-gnu/Scrt1.o /lib/x86_64-linux-gnu/crti.o /usr/lib/gcc/x86_64-linux-gnu/11/crtbeginS.o -L/opt/intel/oneapi/compiler/2025.3/bin/compiler/../../lib -L/opt/intel/oneapi/compiler/2025.3/bin/compiler/../../lib -L/opt/intel/oneapi/compiler/2025.3/lib/clang/21/lib/x86_64-unknown-linux-gnu -L/opt/intel/oneapi/compiler/2025.3/bin/compiler/../../lib -L/usr/lib/gcc/x86_64-linux-gnu/11 -L/usr/lib/gcc/x86_64-linux-gnu/11/../../../../lib64 -L/lib/x86_64-linux-gnu -L/lib/../lib64 -L/usr/lib/x86_64-linux-gnu -L/usr/lib64 -L/opt/intel/oneapi/compiler/2025.3/bin/compiler/../../lib -L/opt/intel/oneapi/compiler/2025.3/bin/compiler/../../opt/compiler/lib -L/lib -L/usr/lib -L/opt/intel/oneapi/tcm/1.4/lib -L/opt/intel/oneapi/umf/1.0/lib -L/opt/intel/oneapi/tbb/2022.3/env/../lib/intel64/gcc4.8 -L/opt/intel/oneapi/mpi/2021.17/lib -L/opt/intel/oneapi/mkl/2025.3/lib -L/opt/intel/oneapi/ishmem/1.5/lib -L/opt/intel/oneapi/ippcp/2025.3/lib/ -L/opt/intel/oneapi/ipp/2022.3/lib -L/opt/intel/oneapi/dnnl/2025.3/lib -L/opt/intel/oneapi/dal/2025.10/lib -L/opt/intel/oneapi/compiler/2025.3/lib -L/opt/intel/oneapi/ccl/2021.17/lib/ CMakeFiles/cmTC_94154.dir/CMakeCCompilerABI.c.o -Bstatic -lsvml -Bdynamic -Bstatic -lirng -Bdynamic -Bstatic -limf -Bdynamic -lm -lgcc --as-needed -lgcc_s --no-as-needed -Bstatic -lirc -Bdynamic -ldl -lgcc --as-needed -lgcc_s --no-as-needed -lc -lgcc --as-needed -lgcc_s --no-as-needed -Bstatic -lirc_s -Bdynamic /usr/lib/gcc/x86_64-linux-gnu/11/crtendS.o /lib/x86_64-linux-gnu/crtn.o]
    arg [/usr/bin/ld] ==> ignore
    arg [-zrelro] ==> ignore
    arg [--hash-style=gnu] ==> ignore
    arg [--eh-frame-hdr] ==> ignore
    arg [-m] ==> ignore
    arg [elf_x86_64] ==> ignore
    arg [-dynamic-linker] ==> ignore
    arg [/lib64/ld-linux-x86-64.so.2] ==> ignore
    arg [-o] ==> ignore
    arg [cmTC_94154] ==> ignore
    arg [/lib/x86_64-linux-gnu/Scrt1.o] ==> obj [/lib/x86_64-linux-gnu/Scrt1.o]
    arg [/lib/x86_64-linux-gnu/crti.o] ==> obj [/lib/x86_64-linux-gnu/crti.o]
    arg [/usr/lib/gcc/x86_64-linux-gnu/11/crtbeginS.o] ==> obj [/usr/lib/gcc/x86_64-linux-gnu/11/crtbeginS.o]
    arg [-L/opt/intel/oneapi/compiler/2025.3/bin/compiler/../../lib] ==> dir [/opt/intel/oneapi/compiler/2025.3/bin/compiler/../../lib]
    arg [-L/opt/intel/oneapi/compiler/2025.3/bin/compiler/../../lib] ==> dir [/opt/intel/oneapi/compiler/2025.3/bin/compiler/../../lib]
    arg [-L/opt/intel/oneapi/compiler/2025.3/lib/clang/21/lib/x86_64-unknown-linux-gnu] ==> dir [/opt/intel/oneapi/compiler/2025.3/lib/clang/21/lib/x86_64-unknown-linux-gnu]
    arg [-L/opt/intel/oneapi/compiler/2025.3/bin/compiler/../../lib] ==> dir [/opt/intel/oneapi/compiler/2025.3/bin/compiler/../../lib]
    arg [-L/usr/lib/gcc/x86_64-linux-gnu/11] ==> dir [/usr/lib/gcc/x86_64-linux-gnu/11]
    arg [-L/usr/lib/gcc/x86_64-linux-gnu/11/../../../../lib64] ==> dir [/usr/lib/gcc/x86_64-linux-gnu/11/../../../../lib64]
    arg [-L/lib/x86_64-linux-gnu] ==> dir [/lib/x86_64-linux-gnu]
    arg [-L/lib/../lib64] ==> dir [/lib/../lib64]
    arg [-L/usr/lib/x86_64-linux-gnu] ==> dir [/usr/lib/x86_64-linux-gnu]
    arg [-L/usr/lib64] ==> dir [/usr/lib64]
    arg [-L/opt/intel/oneapi/compiler/2025.3/bin/compiler/../../lib] ==> dir [/opt/intel/oneapi/compiler/2025.3/bin/compiler/../../lib]
    arg [-L/opt/intel/oneapi/compiler/2025.3/bin/compiler/../../opt/compiler/lib] ==> dir [/opt/intel/oneapi/compiler/2025.3/bin/compiler/../../opt/compiler/lib]
    arg [-L/lib] ==> dir [/lib]
    arg [-L/usr/lib] ==> dir [/usr/lib]
    arg [-L/opt/intel/oneapi/tcm/1.4/lib] ==> dir [/opt/intel/oneapi/tcm/1.4/lib]
    arg [-L/opt/intel/oneapi/umf/1.0/lib] ==> dir [/opt/intel/oneapi/umf/1.0/lib]
    arg [-L/opt/intel/oneapi/tbb/2022.3/env/../lib/intel64/gcc4.8] ==> dir [/opt/intel/oneapi/tbb/2022.3/env/../lib/intel64/gcc4.8]
    arg [-L/opt/intel/oneapi/mpi/2021.17/lib] ==> dir [/opt/intel/oneapi/mpi/2021.17/lib]
    arg [-L/opt/intel/oneapi/mkl/2025.3/lib] ==> dir [/opt/intel/oneapi/mkl/2025.3/lib]
    arg [-L/opt/intel/oneapi/ishmem/1.5/lib] ==> dir [/opt/intel/oneapi/ishmem/1.5/lib]
    arg [-L/opt/intel/oneapi/ippcp/2025.3/lib/] ==> dir [/opt/intel/oneapi/ippcp/2025.3/lib/]
    arg [-L/opt/intel/oneapi/ipp/2022.3/lib] ==> dir [/opt/intel/oneapi/ipp/2022.3/lib]
    arg [-L/opt/intel/oneapi/dnnl/2025.3/lib] ==> dir [/opt/intel/oneapi/dnnl/2025.3/lib]
    arg [-L/opt/intel/oneapi/dal/2025.10/lib] ==> dir [/opt/intel/oneapi/dal/2025.10/lib]
    arg [-L/opt/intel/oneapi/compiler/2025.3/lib] ==> dir [/opt/intel/oneapi/compiler/2025.3/lib]
    arg [-L/opt/intel/oneapi/ccl/2021.17/lib/] ==> dir [/opt/intel/oneapi/ccl/2021.17/lib/]
    arg [CMakeFiles/cmTC_94154.dir/CMakeCCompilerABI.c.o] ==> ignore
    arg [-Bstatic] ==> search static
    arg [-lsvml] ==> lib [svml]
    arg [-Bdynamic] ==> search dynamic
    arg [-Bstatic] ==> search static
    arg [-lirng] ==> lib [irng]
    arg [-Bdynamic] ==> search dynamic
    arg [-Bstatic] ==> search static
    arg [-limf] ==> lib [imf]
    arg [-Bdynamic] ==> search dynamic
    arg [-lm] ==> lib [m]
    arg [-lgcc] ==> lib [gcc]
    arg [--as-needed] ==> ignore
    arg [-lgcc_s] ==> lib [gcc_s]
    arg [--no-as-needed] ==> ignore
    arg [-Bstatic] ==> search static
    arg [-lirc] ==> lib [irc]
    arg [-Bdynamic] ==> search dynamic
    arg [-ldl] ==> lib [dl]
    arg [-lgcc] ==> lib [gcc]
    arg [--as-needed] ==> ignore
    arg [-lgcc_s] ==> lib [gcc_s]
    arg [--no-as-needed] ==> ignore
    arg [-lc] ==> lib [c]
    arg [-lgcc] ==> lib [gcc]
    arg [--as-needed] ==> ignore
    arg [-lgcc_s] ==> lib [gcc_s]
    arg [--no-as-needed] ==> ignore
    arg [-Bstatic] ==> search static
    arg [-lirc_s] ==> lib [irc_s]
    arg [-Bdynamic] ==> search dynamic
    arg [/usr/lib/gcc/x86_64-linux-gnu/11/crtendS.o] ==> obj [/usr/lib/gcc/x86_64-linux-gnu/11/crtendS.o]
    arg [/lib/x86_64-linux-gnu/crtn.o] ==> obj [/lib/x86_64-linux-gnu/crtn.o]
  collapse library dir [/opt/intel/oneapi/compiler/2025.3/bin/compiler/../../lib] ==> [/opt/intel/oneapi/compiler/2025.3/lib]
  collapse library dir [/opt/intel/oneapi/compiler/2025.3/bin/compiler/../../lib] ==> [/opt/intel/oneapi/compiler/2025.3/lib]
  collapse library dir [/opt/intel/oneapi/compiler/2025.3/lib/clang/21/lib/x86_64-unknown-linux-gnu] ==> [/opt/intel/oneapi/compiler/2025.3/lib/clang/21/lib/x86_64-unknown-linux-gnu]
  collapse library dir [/opt/intel/oneapi/compiler/2025.3/bin/compiler/../../lib] ==> [/opt/intel/oneapi/compiler/2025.3/lib]
  collapse library dir [/usr/lib/gcc/x86_64-linux-gnu/11] ==> [/usr/lib/gcc/x86_64-linux-gnu/11]
  collapse library dir [/usr/lib/gcc/x86_64-linux-gnu/11/../../../../lib64] ==> [/usr/lib64]
  collapse library dir [/lib/x86_64-linux-gnu] ==> [/lib/x86_64-linux-gnu]
  collapse library dir [/lib/../lib64] ==> [/lib64]
  collapse library dir [/usr/lib/x86_64-linux-gnu] ==> [/usr/lib/x86_64-linux-gnu]
  collapse library dir [/usr/lib64] ==> [/usr/lib64]
  collapse library dir [/opt/intel/oneapi/compiler/2025.3/bin/compiler/../../lib] ==> [/opt/intel/oneapi/compiler/2025.3/lib]
  collapse library dir [/opt/intel/oneapi/compiler/2025.3/bin/compiler/../../opt/compiler/lib] ==> [/opt/intel/oneapi/compiler/2025.3/opt/compiler/lib]
  collapse library dir [/lib] ==> [/lib]
  collapse library dir [/usr/lib] ==> [/usr/lib]
  collapse library dir [/opt/intel/oneapi/tcm/1.4/lib] ==> [/opt/intel/oneapi/tcm/1.4/lib]
  collapse library dir [/opt/intel/oneapi/umf/1.0/lib] ==> [/opt/intel/oneapi/umf/1.0/lib]
  collapse library dir [/opt/intel/oneapi/tbb/2022.3/env/../lib/intel64/gcc4.8] ==> [/opt/intel/oneapi/tbb/2022.3/lib/intel64/gcc4.8]
  collapse library dir [/opt/intel/oneapi/mpi/2021.17/lib] ==> [/opt/intel/oneapi/mpi/2021.17/lib]
  collapse library dir [/opt/intel/oneapi/mkl/2025.3/lib] ==> [/opt/intel/oneapi/mkl/2025.3/lib]
  collapse library dir [/opt/intel/oneapi/ishmem/1.5/lib] ==> [/opt/intel/oneapi/ishmem/1.5/lib]
  collapse library dir [/opt/intel/oneapi/ippcp/2025.3/lib/] ==> [/opt/intel/oneapi/ippcp/2025.3/lib]
  collapse library dir [/opt/intel/oneapi/ipp/2022.3/lib] ==> [/opt/intel/oneapi/ipp/2022.3/lib]
  collapse library dir [/opt/intel/oneapi/dnnl/2025.3/lib] ==> [/opt/intel/oneapi/dnnl/2025.3/lib]
  collapse library dir [/opt/intel/oneapi/dal/2025.10/lib] ==> [/opt/intel/oneapi/dal/2025.10/lib]
  collapse library dir [/opt/intel/oneapi/compiler/2025.3/lib] ==> [/opt/intel/oneapi/compiler/2025.3/lib]
  collapse library dir [/opt/intel/oneapi/ccl/2021.17/lib/] ==> [/opt/intel/oneapi/ccl/2021.17/lib]
  implicit libs: [svml;irng;imf;m;gcc;gcc_s;irc;dl;gcc;gcc_s;c;gcc;gcc_s;irc_s]
  implicit objs: [/lib/x86_64-linux-gnu/Scrt1.o;/lib/x86_64-linux-gnu/crti.o;/usr/lib/gcc/x86_64-linux-gnu/11/crtbeginS.o;/usr/lib/gcc/x86_64-linux-gnu/11/crtendS.o;/lib/x86_64-linux-gnu/crtn.o]
  implicit dirs: [/opt/intel/oneapi/compiler/2025.3/lib;/opt/intel/oneapi/compiler/2025.3/lib/clang/21/lib/x86_64-unknown-linux-gnu;/usr/lib/gcc/x86_64-linux-gnu/11;/usr/lib64;/lib/x86_64-linux-gnu;/lib64;/usr/lib/x86_64-linux-gnu;/opt/intel/oneapi/compiler/2025.3/opt/compiler/lib;/lib;/usr/lib;/opt/intel/oneapi/tcm/1.4/lib;/opt/intel/oneapi/umf/1.0/lib;/opt/intel/oneapi/tbb/2022.3/lib/intel64/gcc4.8;/opt/intel/oneapi/mpi/2021.17/lib;/opt/intel/oneapi/mkl/2025.3/lib;/opt/intel/oneapi/ishmem/1.5/lib;/opt/intel/oneapi/ippcp/2025.3/lib;/opt/intel/oneapi/ipp/2022.3/lib;/opt/intel/oneapi/dnnl/2025.3/lib;/opt/intel/oneapi/dal/2025.10/lib;/opt/intel/oneapi/ccl/2021.17/lib]
  implicit fwks: []


