Loading compiler/2025.3.2
  Loading requirement: tbb/2022.3 compiler-rt/2025.3.2 umf/1.0.2
Starting HPL runs...
=======================================
OMP_NUM_THREADS=1 | MPI=8
=======================================
Using P=2, Q=4
=======================================
OMP_NUM_THREADS=2 | MPI=4
=======================================
Using P=2, Q=2
=======================================
OMP_NUM_THREADS=4 | MPI=2
=======================================
Using P=1, Q=2
=======================================
OMP_NUM_THREADS=8 | MPI=1
=======================================
Using P=1, Q=1
All HPL runs completed!
